 
****************************************
Report : area
Design : BOOTHMUL
Version: S-2021.06-SP4
Date   : Mon Apr 17 19:02:23 2023
****************************************

Library(s) Used:

    NangateOpenCellLibrary (File: /home/mariagrazia.graziano/do/libnangate/NangateOpenCellLibrary_typical_ecsm.db)

Number of ports:                          196
Number of nets:                           298
Number of cells:                          124
Number of combinational cells:            110
Number of sequential cells:                 0
Number of macros/black boxes:               0
Number of buf/inv:                         14
Number of references:                      12

Combinational area:                141.778000
Buf/Inv area:                        7.448000
Noncombinational area:               0.000000
Macro/Black Box area:                0.000000
Net Interconnect area:      undefined  (Wire load has zero net area)

Total cell area:                   141.778000
Total area:                 undefined
1
