Information: Updating design information... (UID-85)
Warning: Design 'BOOTHMUL' contains 1 high-fanout nets. A fanout number of 1000 will be used for delay calculations involving these nets. (TIM-134)
 
****************************************
Report : timing
        -path full
        -delay max
        -max_paths 1
Design : BOOTHMUL
Version: S-2021.06-SP4
Date   : Tue Apr 18 20:06:16 2023
****************************************

 # A fanout number of 1000 was used for high fanout net computations.

Operating Conditions: typical   Library: NangateOpenCellLibrary
Wire Load Model Mode: top

  Startpoint: B[1] (input port)
  Endpoint: P[63] (output port)
  Path Group: default
  Path Type: max

  Des/Clust/Port     Wire Load Model       Library
  ------------------------------------------------
  BOOTHMUL           5K_hvratio_1_1        NangateOpenCellLibrary

  Point                                    Incr       Path
  -----------------------------------------------------------
  input external delay                     0.00       0.00 r
  B[1] (in)                                0.00       0.00 r
  eb_1/b[0] (BE_BLOCK_15)                  0.00       0.00 r
  eb_1/U13/ZN (NAND2_X1)                   0.03       0.03 f
  eb_1/U12/ZN (OAI21_X1)                   0.03       0.06 r
  eb_1/U6/ZN (AOI21_X1)                    0.03       0.09 f
  eb_1/sel[0] (BE_BLOCK_15)                0.00       0.09 f
  mux_1/sel[0] (MUX_5TO1_NBIT64_15)        0.00       0.09 f
  mux_1/U60/ZN (INV_X1)                    0.03       0.12 r
  mux_1/U61/ZN (INV_X1)                    0.03       0.15 f
  mux_1/U52/ZN (NAND3_X1)                  0.03       0.18 r
  mux_1/U68/ZN (OAI21_X1)                  0.03       0.22 f
  mux_1/U40/ZN (NOR2_X1)                   0.04       0.25 r
  mux_1/U258/ZN (NAND2_X1)                 0.03       0.28 f
  mux_1/O[3] (MUX_5TO1_NBIT64_15)          0.00       0.28 f
  sum_1/B[3] (RCA_NBIT64_0)                0.00       0.28 f
  sum_1/FAI_4/B (FA_957)                   0.00       0.28 f
  sum_1/FAI_4/U4/Z (XOR2_X1)               0.07       0.36 f
  sum_1/FAI_4/U1/ZN (AOI22_X1)             0.06       0.41 r
  sum_1/FAI_4/U2/ZN (INV_X1)               0.03       0.44 f
  sum_1/FAI_4/Co (FA_957)                  0.00       0.44 f
  sum_1/FAI_5/Ci (FA_956)                  0.00       0.44 f
  sum_1/FAI_5/U2/ZN (AOI22_X1)             0.06       0.49 r
  sum_1/FAI_5/U5/ZN (INV_X1)               0.03       0.52 f
  sum_1/FAI_5/Co (FA_956)                  0.00       0.52 f
  sum_1/FAI_6/Ci (FA_955)                  0.00       0.52 f
  sum_1/FAI_6/U2/ZN (AOI21_X1)             0.04       0.56 r
  sum_1/FAI_6/U3/ZN (INV_X1)               0.02       0.59 f
  sum_1/FAI_6/Co (FA_955)                  0.00       0.59 f
  sum_1/FAI_7/Ci (FA_954)                  0.00       0.59 f
  sum_1/FAI_7/U5/ZN (NOR2_X1)              0.04       0.62 r
  sum_1/FAI_7/U6/ZN (NOR2_X1)              0.03       0.65 f
  sum_1/FAI_7/Co (FA_954)                  0.00       0.65 f
  sum_1/FAI_8/Ci (FA_953)                  0.00       0.65 f
  sum_1/FAI_8/U3/ZN (AOI21_X1)             0.04       0.69 r
  sum_1/FAI_8/U6/ZN (INV_X1)               0.03       0.72 f
  sum_1/FAI_8/Co (FA_953)                  0.00       0.72 f
  sum_1/FAI_9/Ci (FA_952)                  0.00       0.72 f
  sum_1/FAI_9/U1/ZN (AOI22_X1)             0.06       0.77 r
  sum_1/FAI_9/U2/ZN (INV_X1)               0.03       0.80 f
  sum_1/FAI_9/Co (FA_952)                  0.00       0.80 f
  sum_1/FAI_10/Ci (FA_951)                 0.00       0.80 f
  sum_1/FAI_10/U5/ZN (AOI21_X1)            0.04       0.84 r
  sum_1/FAI_10/U6/ZN (INV_X1)              0.03       0.87 f
  sum_1/FAI_10/Co (FA_951)                 0.00       0.87 f
  sum_1/FAI_11/Ci (FA_950)                 0.00       0.87 f
  sum_1/FAI_11/U4/ZN (AOI22_X1)            0.06       0.93 r
  sum_1/FAI_11/U2/ZN (INV_X1)              0.03       0.95 f
  sum_1/FAI_11/Co (FA_950)                 0.00       0.95 f
  sum_1/FAI_12/Ci (FA_949)                 0.00       0.95 f
  sum_1/FAI_12/U1/ZN (AOI22_X1)            0.06       1.01 r
  sum_1/FAI_12/U2/ZN (INV_X1)              0.03       1.04 f
  sum_1/FAI_12/Co (FA_949)                 0.00       1.04 f
  sum_1/FAI_13/Ci (FA_948)                 0.00       1.04 f
  sum_1/FAI_13/U2/ZN (AOI22_X1)            0.06       1.09 r
  sum_1/FAI_13/U1/ZN (INV_X1)              0.03       1.12 f
  sum_1/FAI_13/Co (FA_948)                 0.00       1.12 f
  sum_1/FAI_14/Ci (FA_947)                 0.00       1.12 f
  sum_1/FAI_14/U1/ZN (AOI22_X1)            0.06       1.18 r
  sum_1/FAI_14/U2/ZN (INV_X1)              0.03       1.21 f
  sum_1/FAI_14/Co (FA_947)                 0.00       1.21 f
  sum_1/FAI_15/Ci (FA_946)                 0.00       1.21 f
  sum_1/FAI_15/U2/ZN (AOI22_X1)            0.06       1.26 r
  sum_1/FAI_15/U1/ZN (INV_X1)              0.03       1.29 f
  sum_1/FAI_15/Co (FA_946)                 0.00       1.29 f
  sum_1/FAI_16/Ci (FA_945)                 0.00       1.29 f
  sum_1/FAI_16/U1/ZN (AOI22_X1)            0.06       1.35 r
  sum_1/FAI_16/U2/ZN (INV_X1)              0.03       1.38 f
  sum_1/FAI_16/Co (FA_945)                 0.00       1.38 f
  sum_1/FAI_17/Ci (FA_944)                 0.00       1.38 f
  sum_1/FAI_17/U1/ZN (AOI22_X1)            0.06       1.43 r
  sum_1/FAI_17/U2/ZN (INV_X1)              0.03       1.46 f
  sum_1/FAI_17/Co (FA_944)                 0.00       1.46 f
  sum_1/FAI_18/Ci (FA_943)                 0.00       1.46 f
  sum_1/FAI_18/U2/ZN (AOI22_X1)            0.06       1.52 r
  sum_1/FAI_18/U1/ZN (INV_X1)              0.03       1.54 f
  sum_1/FAI_18/Co (FA_943)                 0.00       1.54 f
  sum_1/FAI_19/Ci (FA_942)                 0.00       1.54 f
  sum_1/FAI_19/U2/ZN (AOI22_X1)            0.06       1.60 r
  sum_1/FAI_19/U1/ZN (INV_X1)              0.03       1.63 f
  sum_1/FAI_19/Co (FA_942)                 0.00       1.63 f
  sum_1/FAI_20/Ci (FA_941)                 0.00       1.63 f
  sum_1/FAI_20/U2/ZN (AOI22_X1)            0.06       1.69 r
  sum_1/FAI_20/U1/ZN (INV_X1)              0.03       1.71 f
  sum_1/FAI_20/Co (FA_941)                 0.00       1.71 f
  sum_1/FAI_21/Ci (FA_940)                 0.00       1.71 f
  sum_1/FAI_21/U1/ZN (AOI22_X1)            0.06       1.77 r
  sum_1/FAI_21/U2/ZN (INV_X1)              0.03       1.80 f
  sum_1/FAI_21/Co (FA_940)                 0.00       1.80 f
  sum_1/FAI_22/Ci (FA_939)                 0.00       1.80 f
  sum_1/FAI_22/U2/ZN (AOI22_X1)            0.06       1.85 r
  sum_1/FAI_22/U1/ZN (INV_X1)              0.03       1.88 f
  sum_1/FAI_22/Co (FA_939)                 0.00       1.88 f
  sum_1/FAI_23/Ci (FA_938)                 0.00       1.88 f
  sum_1/FAI_23/U1/ZN (AOI22_X1)            0.06       1.94 r
  sum_1/FAI_23/U2/ZN (INV_X1)              0.03       1.97 f
  sum_1/FAI_23/Co (FA_938)                 0.00       1.97 f
  sum_1/FAI_24/Ci (FA_937)                 0.00       1.97 f
  sum_1/FAI_24/U2/ZN (AOI22_X1)            0.06       2.02 r
  sum_1/FAI_24/U1/ZN (INV_X1)              0.03       2.05 f
  sum_1/FAI_24/Co (FA_937)                 0.00       2.05 f
  sum_1/FAI_25/Ci (FA_936)                 0.00       2.05 f
  sum_1/FAI_25/U1/ZN (AOI22_X1)            0.06       2.11 r
  sum_1/FAI_25/U2/ZN (INV_X1)              0.03       2.13 f
  sum_1/FAI_25/Co (FA_936)                 0.00       2.13 f
  sum_1/FAI_26/Ci (FA_935)                 0.00       2.13 f
  sum_1/FAI_26/U3/ZN (AOI22_X1)            0.06       2.19 r
  sum_1/FAI_26/U5/ZN (INV_X1)              0.03       2.22 f
  sum_1/FAI_26/Co (FA_935)                 0.00       2.22 f
  sum_1/FAI_27/Ci (FA_934)                 0.00       2.22 f
  sum_1/FAI_27/U5/ZN (AOI22_X1)            0.06       2.28 r
  sum_1/FAI_27/U3/ZN (INV_X1)              0.03       2.30 f
  sum_1/FAI_27/Co (FA_934)                 0.00       2.30 f
  sum_1/FAI_28/Ci (FA_933)                 0.00       2.30 f
  sum_1/FAI_28/U1/ZN (AOI22_X1)            0.06       2.36 r
  sum_1/FAI_28/U2/ZN (INV_X1)              0.03       2.39 f
  sum_1/FAI_28/Co (FA_933)                 0.00       2.39 f
  sum_1/FAI_29/Ci (FA_932)                 0.00       2.39 f
  sum_1/FAI_29/U1/ZN (AOI22_X1)            0.06       2.44 r
  sum_1/FAI_29/U2/ZN (INV_X1)              0.03       2.47 f
  sum_1/FAI_29/Co (FA_932)                 0.00       2.47 f
  sum_1/FAI_30/Ci (FA_931)                 0.00       2.47 f
  sum_1/FAI_30/U2/ZN (AOI22_X1)            0.06       2.53 r
  sum_1/FAI_30/U1/ZN (INV_X1)              0.03       2.56 f
  sum_1/FAI_30/Co (FA_931)                 0.00       2.56 f
  sum_1/FAI_31/Ci (FA_930)                 0.00       2.56 f
  sum_1/FAI_31/U1/ZN (AOI22_X1)            0.06       2.61 r
  sum_1/FAI_31/U2/ZN (INV_X1)              0.03       2.64 f
  sum_1/FAI_31/Co (FA_930)                 0.00       2.64 f
  sum_1/FAI_32/Ci (FA_929)                 0.00       2.64 f
  sum_1/FAI_32/U2/ZN (AOI22_X1)            0.06       2.70 r
  sum_1/FAI_32/U1/ZN (INV_X1)              0.03       2.72 f
  sum_1/FAI_32/Co (FA_929)                 0.00       2.72 f
  sum_1/FAI_33/Ci (FA_928)                 0.00       2.72 f
  sum_1/FAI_33/U1/ZN (AOI22_X1)            0.06       2.78 r
  sum_1/FAI_33/U2/ZN (INV_X1)              0.03       2.81 f
  sum_1/FAI_33/Co (FA_928)                 0.00       2.81 f
  sum_1/FAI_34/Ci (FA_927)                 0.00       2.81 f
  sum_1/FAI_34/U1/ZN (AOI22_X1)            0.06       2.87 r
  sum_1/FAI_34/U2/ZN (INV_X1)              0.03       2.89 f
  sum_1/FAI_34/Co (FA_927)                 0.00       2.89 f
  sum_1/FAI_35/Ci (FA_926)                 0.00       2.89 f
  sum_1/FAI_35/U2/ZN (AOI22_X1)            0.06       2.95 r
  sum_1/FAI_35/U1/ZN (INV_X1)              0.03       2.98 f
  sum_1/FAI_35/Co (FA_926)                 0.00       2.98 f
  sum_1/FAI_36/Ci (FA_925)                 0.00       2.98 f
  sum_1/FAI_36/U1/ZN (AOI22_X1)            0.06       3.03 r
  sum_1/FAI_36/U2/ZN (INV_X1)              0.03       3.06 f
  sum_1/FAI_36/Co (FA_925)                 0.00       3.06 f
  sum_1/FAI_37/Ci (FA_924)                 0.00       3.06 f
  sum_1/FAI_37/U5/ZN (AOI22_X1)            0.06       3.12 r
  sum_1/FAI_37/U3/ZN (INV_X1)              0.03       3.15 f
  sum_1/FAI_37/Co (FA_924)                 0.00       3.15 f
  sum_1/FAI_38/Ci (FA_923)                 0.00       3.15 f
  sum_1/FAI_38/U1/ZN (AOI22_X1)            0.06       3.20 r
  sum_1/FAI_38/U2/ZN (INV_X1)              0.03       3.23 f
  sum_1/FAI_38/Co (FA_923)                 0.00       3.23 f
  sum_1/FAI_39/Ci (FA_922)                 0.00       3.23 f
  sum_1/FAI_39/U1/ZN (AOI22_X1)            0.06       3.29 r
  sum_1/FAI_39/U2/ZN (INV_X1)              0.03       3.32 f
  sum_1/FAI_39/Co (FA_922)                 0.00       3.32 f
  sum_1/FAI_40/Ci (FA_921)                 0.00       3.32 f
  sum_1/FAI_40/U2/ZN (AOI22_X1)            0.06       3.37 r
  sum_1/FAI_40/U1/ZN (INV_X1)              0.03       3.40 f
  sum_1/FAI_40/Co (FA_921)                 0.00       3.40 f
  sum_1/FAI_41/Ci (FA_920)                 0.00       3.40 f
  sum_1/FAI_41/U1/ZN (AOI22_X1)            0.06       3.46 r
  sum_1/FAI_41/U2/ZN (INV_X1)              0.03       3.48 f
  sum_1/FAI_41/Co (FA_920)                 0.00       3.48 f
  sum_1/FAI_42/Ci (FA_919)                 0.00       3.48 f
  sum_1/FAI_42/U2/ZN (AOI22_X1)            0.06       3.54 r
  sum_1/FAI_42/U1/ZN (INV_X1)              0.03       3.57 f
  sum_1/FAI_42/Co (FA_919)                 0.00       3.57 f
  sum_1/FAI_43/Ci (FA_918)                 0.00       3.57 f
  sum_1/FAI_43/U1/Z (BUF_X1)               0.04       3.60 f
  sum_1/FAI_43/U3/Z (XOR2_X1)              0.07       3.67 f
  sum_1/FAI_43/S (FA_918)                  0.00       3.67 f
  sum_1/S[42] (RCA_NBIT64_0)               0.00       3.67 f
  sum_2/B[42] (RCA_NBIT64_14)              0.00       3.67 f
  sum_2/FAI_43/B (FA_854)                  0.00       3.67 f
  sum_2/FAI_43/U2/ZN (XNOR2_X1)            0.06       3.73 f
  sum_2/FAI_43/U5/ZN (AOI22_X1)            0.06       3.79 r
  sum_2/FAI_43/U6/ZN (INV_X1)              0.03       3.82 f
  sum_2/FAI_43/Co (FA_854)                 0.00       3.82 f
  sum_2/FAI_44/Ci (FA_853)                 0.00       3.82 f
  sum_2/FAI_44/U2/ZN (NAND2_X1)            0.03       3.85 r
  sum_2/FAI_44/U5/ZN (NAND2_X1)            0.03       3.88 f
  sum_2/FAI_44/Co (FA_853)                 0.00       3.88 f
  sum_2/FAI_45/Ci (FA_852)                 0.00       3.88 f
  sum_2/FAI_45/U4/ZN (AOI22_X1)            0.06       3.94 r
  sum_2/FAI_45/U5/ZN (INV_X1)              0.03       3.97 f
  sum_2/FAI_45/Co (FA_852)                 0.00       3.97 f
  sum_2/FAI_46/Ci (FA_851)                 0.00       3.97 f
  sum_2/FAI_46/U6/ZN (AOI22_X1)            0.06       4.02 r
  sum_2/FAI_46/U5/ZN (INV_X1)              0.03       4.05 f
  sum_2/FAI_46/Co (FA_851)                 0.00       4.05 f
  sum_2/FAI_47/Ci (FA_850)                 0.00       4.05 f
  sum_2/FAI_47/U6/ZN (AOI22_X1)            0.06       4.11 r
  sum_2/FAI_47/U5/ZN (INV_X1)              0.03       4.14 f
  sum_2/FAI_47/Co (FA_850)                 0.00       4.14 f
  sum_2/FAI_48/Ci (FA_849)                 0.00       4.14 f
  sum_2/FAI_48/U5/ZN (AOI22_X1)            0.06       4.20 r
  sum_2/FAI_48/U6/ZN (INV_X1)              0.03       4.22 f
  sum_2/FAI_48/Co (FA_849)                 0.00       4.22 f
  sum_2/FAI_49/Ci (FA_848)                 0.00       4.22 f
  sum_2/FAI_49/U5/ZN (AOI22_X1)            0.06       4.28 r
  sum_2/FAI_49/U4/ZN (INV_X1)              0.03       4.31 f
  sum_2/FAI_49/Co (FA_848)                 0.00       4.31 f
  sum_2/FAI_50/Ci (FA_847)                 0.00       4.31 f
  sum_2/FAI_50/U4/ZN (AOI22_X1)            0.06       4.37 r
  sum_2/FAI_50/U5/ZN (INV_X1)              0.03       4.40 f
  sum_2/FAI_50/Co (FA_847)                 0.00       4.40 f
  sum_2/FAI_51/Ci (FA_846)                 0.00       4.40 f
  sum_2/FAI_51/U5/ZN (AOI22_X1)            0.06       4.45 r
  sum_2/FAI_51/U4/ZN (INV_X1)              0.03       4.48 f
  sum_2/FAI_51/Co (FA_846)                 0.00       4.48 f
  sum_2/FAI_52/Ci (FA_845)                 0.00       4.48 f
  sum_2/FAI_52/U2/ZN (AOI22_X1)            0.06       4.54 r
  sum_2/FAI_52/U1/ZN (INV_X1)              0.03       4.57 f
  sum_2/FAI_52/Co (FA_845)                 0.00       4.57 f
  sum_2/FAI_53/Ci (FA_844)                 0.00       4.57 f
  sum_2/FAI_53/U4/ZN (AOI22_X1)            0.06       4.62 r
  sum_2/FAI_53/U5/ZN (INV_X1)              0.03       4.65 f
  sum_2/FAI_53/Co (FA_844)                 0.00       4.65 f
  sum_2/FAI_54/Ci (FA_843)                 0.00       4.65 f
  sum_2/FAI_54/U2/ZN (AOI22_X1)            0.06       4.71 r
  sum_2/FAI_54/U1/ZN (INV_X1)              0.03       4.74 f
  sum_2/FAI_54/Co (FA_843)                 0.00       4.74 f
  sum_2/FAI_55/Ci (FA_842)                 0.00       4.74 f
  sum_2/FAI_55/U1/ZN (AOI22_X1)            0.06       4.79 r
  sum_2/FAI_55/U2/ZN (INV_X1)              0.03       4.82 f
  sum_2/FAI_55/Co (FA_842)                 0.00       4.82 f
  sum_2/FAI_56/Ci (FA_841)                 0.00       4.82 f
  sum_2/FAI_56/U5/ZN (AOI22_X1)            0.06       4.88 r
  sum_2/FAI_56/U4/ZN (INV_X1)              0.03       4.91 f
  sum_2/FAI_56/Co (FA_841)                 0.00       4.91 f
  sum_2/FAI_57/Ci (FA_840)                 0.00       4.91 f
  sum_2/FAI_57/U5/ZN (AOI22_X1)            0.06       4.96 r
  sum_2/FAI_57/U2/ZN (INV_X1)              0.03       4.99 f
  sum_2/FAI_57/Co (FA_840)                 0.00       4.99 f
  sum_2/FAI_58/Ci (FA_839)                 0.00       4.99 f
  sum_2/FAI_58/U4/ZN (AOI22_X1)            0.06       5.05 r
  sum_2/FAI_58/U5/ZN (INV_X1)              0.03       5.08 f
  sum_2/FAI_58/Co (FA_839)                 0.00       5.08 f
  sum_2/FAI_59/Ci (FA_838)                 0.00       5.08 f
  sum_2/FAI_59/U5/ZN (AOI22_X1)            0.06       5.14 r
  sum_2/FAI_59/U4/ZN (INV_X1)              0.03       5.16 f
  sum_2/FAI_59/Co (FA_838)                 0.00       5.16 f
  sum_2/FAI_60/Ci (FA_837)                 0.00       5.16 f
  sum_2/FAI_60/U4/ZN (AOI22_X1)            0.06       5.22 r
  sum_2/FAI_60/U5/ZN (INV_X1)              0.03       5.25 f
  sum_2/FAI_60/Co (FA_837)                 0.00       5.25 f
  sum_2/FAI_61/Ci (FA_836)                 0.00       5.25 f
  sum_2/FAI_61/U5/ZN (AOI22_X1)            0.06       5.31 r
  sum_2/FAI_61/U4/ZN (INV_X1)              0.03       5.34 f
  sum_2/FAI_61/Co (FA_836)                 0.00       5.34 f
  sum_2/FAI_62/Ci (FA_835)                 0.00       5.34 f
  sum_2/FAI_62/U5/ZN (AOI22_X1)            0.06       5.39 r
  sum_2/FAI_62/U6/ZN (INV_X1)              0.03       5.42 f
  sum_2/FAI_62/Co (FA_835)                 0.00       5.42 f
  sum_2/FAI_63/Ci (FA_834)                 0.00       5.42 f
  sum_2/FAI_63/U3/Z (XOR2_X1)              0.07       5.49 f
  sum_2/FAI_63/S (FA_834)                  0.00       5.49 f
  sum_2/S[62] (RCA_NBIT64_14)              0.00       5.49 f
  sum_3/B[62] (RCA_NBIT64_13)              0.00       5.49 f
  sum_3/FAI_63/B (FA_770)                  0.00       5.49 f
  sum_3/FAI_63/U4/ZN (XNOR2_X1)            0.06       5.56 r
  sum_3/FAI_63/U3/Z (XOR2_X1)              0.08       5.64 r
  sum_3/FAI_63/S (FA_770)                  0.00       5.64 r
  sum_3/S[62] (RCA_NBIT64_13)              0.00       5.64 r
  sum_4/B[62] (RCA_NBIT64_12)              0.00       5.64 r
  sum_4/FAI_63/B (FA_706)                  0.00       5.64 r
  sum_4/FAI_63/U7/ZN (XNOR2_X1)            0.07       5.71 r
  sum_4/FAI_63/U3/Z (XOR2_X1)              0.08       5.78 r
  sum_4/FAI_63/S (FA_706)                  0.00       5.78 r
  sum_4/S[62] (RCA_NBIT64_12)              0.00       5.78 r
  sum_5/B[62] (RCA_NBIT64_11)              0.00       5.78 r
  sum_5/FAI_63/B (FA_642)                  0.00       5.78 r
  sum_5/FAI_63/U2/ZN (XNOR2_X1)            0.07       5.85 r
  sum_5/FAI_63/U3/Z (XOR2_X1)              0.08       5.93 r
  sum_5/FAI_63/S (FA_642)                  0.00       5.93 r
  sum_5/S[62] (RCA_NBIT64_11)              0.00       5.93 r
  sum_6/B[62] (RCA_NBIT64_10)              0.00       5.93 r
  sum_6/FAI_63/B (FA_578)                  0.00       5.93 r
  sum_6/FAI_63/U8/ZN (XNOR2_X1)            0.07       6.00 r
  sum_6/FAI_63/U3/Z (XOR2_X1)              0.08       6.08 r
  sum_6/FAI_63/S (FA_578)                  0.00       6.08 r
  sum_6/S[62] (RCA_NBIT64_10)              0.00       6.08 r
  sum_7/B[62] (RCA_NBIT64_9)               0.00       6.08 r
  sum_7/FAI_63/B (FA_514)                  0.00       6.08 r
  sum_7/FAI_63/U6/ZN (XNOR2_X1)            0.07       6.15 r
  sum_7/FAI_63/U3/Z (XOR2_X1)              0.08       6.23 r
  sum_7/FAI_63/S (FA_514)                  0.00       6.23 r
  sum_7/S[62] (RCA_NBIT64_9)               0.00       6.23 r
  sum_8/B[62] (RCA_NBIT64_8)               0.00       6.23 r
  sum_8/FAI_63/B (FA_450)                  0.00       6.23 r
  sum_8/FAI_63/U6/ZN (XNOR2_X1)            0.07       6.30 r
  sum_8/FAI_63/U3/Z (XOR2_X1)              0.08       6.38 r
  sum_8/FAI_63/S (FA_450)                  0.00       6.38 r
  sum_8/S[62] (RCA_NBIT64_8)               0.00       6.38 r
  sum_9/B[62] (RCA_NBIT64_7)               0.00       6.38 r
  sum_9/FAI_63/B (FA_386)                  0.00       6.38 r
  sum_9/FAI_63/U6/ZN (XNOR2_X1)            0.07       6.45 r
  sum_9/FAI_63/U3/Z (XOR2_X1)              0.08       6.53 r
  sum_9/FAI_63/S (FA_386)                  0.00       6.53 r
  sum_9/S[62] (RCA_NBIT64_7)               0.00       6.53 r
  sum_10/B[62] (RCA_NBIT64_6)              0.00       6.53 r
  sum_10/FAI_63/B (FA_322)                 0.00       6.53 r
  sum_10/FAI_63/U10/ZN (XNOR2_X1)          0.07       6.60 r
  sum_10/FAI_63/U8/ZN (NAND2_X1)           0.03       6.64 f
  sum_10/FAI_63/U9/ZN (NAND2_X1)           0.04       6.67 r
  sum_10/FAI_63/Co (FA_322)                0.00       6.67 r
  sum_10/FAI_64/Ci (FA_321)                0.00       6.67 r
  sum_10/FAI_64/U5/ZN (INV_X1)             0.03       6.70 f
  sum_10/FAI_64/U2/ZN (NAND2_X1)           0.03       6.72 r
  sum_10/FAI_64/U4/ZN (NAND2_X1)           0.03       6.75 f
  sum_10/FAI_64/S (FA_321)                 0.00       6.75 f
  sum_10/S[63] (RCA_NBIT64_6)              0.00       6.75 f
  sum_11/B[63] (RCA_NBIT64_5)              0.00       6.75 f
  sum_11/FAI_64/B (FA_257)                 0.00       6.75 f
  sum_11/FAI_64/U5/ZN (XNOR2_X1)           0.06       6.81 r
  sum_11/FAI_64/U3/Z (XOR2_X1)             0.08       6.89 r
  sum_11/FAI_64/S (FA_257)                 0.00       6.89 r
  sum_11/S[63] (RCA_NBIT64_5)              0.00       6.89 r
  sum_12/B[63] (RCA_NBIT64_4)              0.00       6.89 r
  sum_12/FAI_64/B (FA_193)                 0.00       6.89 r
  sum_12/FAI_64/U5/ZN (XNOR2_X1)           0.07       6.95 r
  sum_12/FAI_64/U3/Z (XOR2_X1)             0.08       7.03 r
  sum_12/FAI_64/S (FA_193)                 0.00       7.03 r
  sum_12/S[63] (RCA_NBIT64_4)              0.00       7.03 r
  sum_13/B[63] (RCA_NBIT64_3)              0.00       7.03 r
  sum_13/FAI_64/B (FA_129)                 0.00       7.03 r
  sum_13/FAI_64/U5/ZN (XNOR2_X1)           0.07       7.10 r
  sum_13/FAI_64/U3/Z (XOR2_X1)             0.08       7.18 r
  sum_13/FAI_64/S (FA_129)                 0.00       7.18 r
  sum_13/S[63] (RCA_NBIT64_3)              0.00       7.18 r
  sum_14/B[63] (RCA_NBIT64_2)              0.00       7.18 r
  sum_14/FAI_64/B (FA_65)                  0.00       7.18 r
  sum_14/FAI_64/U5/ZN (XNOR2_X1)           0.07       7.25 r
  sum_14/FAI_64/U3/ZN (XNOR2_X1)           0.07       7.32 r
  sum_14/FAI_64/S (FA_65)                  0.00       7.32 r
  sum_14/S[63] (RCA_NBIT64_2)              0.00       7.32 r
  sum_15/B[63] (RCA_NBIT64_1)              0.00       7.32 r
  sum_15/FAI_64/B (FA_1)                   0.00       7.32 r
  sum_15/FAI_64/U6/ZN (XNOR2_X1)           0.07       7.38 r
  sum_15/FAI_64/U4/ZN (XNOR2_X1)           0.06       7.44 r
  sum_15/FAI_64/S (FA_1)                   0.00       7.44 r
  sum_15/S[63] (RCA_NBIT64_1)              0.00       7.44 r
  P[63] (out)                              0.00       7.44 r
  data arrival time                                   7.44

  max_delay                                6.67       6.67
  output external delay                    0.00       6.67
  data required time                                  6.67
  -----------------------------------------------------------
  data required time                                  6.67
  data arrival time                                  -7.44
  -----------------------------------------------------------
  slack (VIOLATED)                                   -0.77


1
