 
****************************************
Report : area
Design : BOOTHMUL
Version: S-2021.06-SP4
Date   : Tue Apr 18 18:47:26 2023
****************************************

Library(s) Used:

    NangateOpenCellLibrary (File: /home/mariagrazia.graziano/do/libnangate/NangateOpenCellLibrary_typical_ecsm.db)

Number of ports:                          842
Number of nets:                          1268
Number of cells:                          504
Number of combinational cells:            444
Number of sequential cells:                 0
Number of macros/black boxes:               0
Number of buf/inv:                         58
Number of references:                      20

Combinational area:                593.978001
Buf/Inv area:                       31.122000
Noncombinational area:               0.000000
Macro/Black Box area:                0.000000
Net Interconnect area:      undefined  (Wire load has zero net area)

Total cell area:                   593.978001
Total area:                 undefined
1
