Loading db file '/home/mariagrazia.graziano/do/libnangate/NangateOpenCellLibrary_typical_ecsm.db'
Information: Propagating switching activity (low effort zero delay simulation). (PWR-6)
Warning: Design has unannotated primary inputs. (PWR-414)
Warning: Design has unannotated sequential cell outputs. (PWR-415)
Warning: Design has unannotated black box outputs. (PWR-428)
 
****************************************
Report : power
        -analysis_effort low
Design : DLX
Version: S-2021.06-SP4
Date   : Thu Oct 19 14:43:29 2023
****************************************


Library(s) Used:

    NangateOpenCellLibrary (File: /home/mariagrazia.graziano/do/libnangate/NangateOpenCellLibrary_typical_ecsm.db)


Operating Conditions: typical   Library: NangateOpenCellLibrary
Wire Load Model Mode: top

Design        Wire Load Model            Library
------------------------------------------------
DLX                    5K_hvratio_1_4    NangateOpenCellLibrary


Global Operating Voltage = 1.1  
Power-specific unit information :
    Voltage Units = 1V
    Capacitance Units = 1.000000ff
    Time Units = 1ns
    Dynamic Power Units = 1uW    (derived from V,C,T units)
    Leakage Power Units = 1nW


  Cell Internal Power  =   8.9012 mW   (85%)
  Net Switching Power  =   1.5740 mW   (15%)
                         ---------
Total Dynamic Power    =  10.4752 mW  (100%)

Cell Leakage Power     = 322.1116 uW


                 Internal         Switching           Leakage            Total
Power Group      Power            Power               Power              Power   (   %    )  Attrs
--------------------------------------------------------------------------------------------------
io_pad             0.0000            0.0000            0.0000            0.0000  (   0.00%)
memory             0.0000            0.0000            0.0000            0.0000  (   0.00%)
black_box          0.0000            0.0000            0.0000            0.0000  (   0.00%)
clock_network  -1.1960e+00          871.3434           28.7064          870.1763 (   8.06%)
register       8.6645e+03           48.6971        1.1702e+05        8.8302e+03  (  81.78%)
sequential         5.5102            1.4663        3.8545e+03           10.8310  (   0.10%)
combinational    232.4041          652.5302        2.0121e+05        1.0861e+03  (  10.06%)
--------------------------------------------------------------------------------------------------
Total          8.9012e+03 uW     1.5740e+03 uW     3.2211e+05 nW     1.0797e+04 uW
1
