Loading db file '/home/mariagrazia.graziano/do/libnangate/NangateOpenCellLibrary_typical_ecsm.db'
Information: Propagating switching activity (low effort zero delay simulation). (PWR-6)
Warning: Design has unannotated primary inputs. (PWR-414)
Warning: Design has unannotated sequential cell outputs. (PWR-415)
Warning: Design has unannotated black box outputs. (PWR-428)
 
****************************************
Report : power
        -analysis_effort low
Design : DLX
Version: S-2021.06-SP4
Date   : Tue Oct 17 20:33:09 2023
****************************************


Library(s) Used:

    NangateOpenCellLibrary (File: /home/mariagrazia.graziano/do/libnangate/NangateOpenCellLibrary_typical_ecsm.db)


Operating Conditions: typical   Library: NangateOpenCellLibrary
Wire Load Model Mode: top

Design        Wire Load Model            Library
------------------------------------------------
DLX                    5K_hvratio_1_4    NangateOpenCellLibrary


Global Operating Voltage = 1.1  
Power-specific unit information :
    Voltage Units = 1V
    Capacitance Units = 1.000000ff
    Time Units = 1ns
    Dynamic Power Units = 1uW    (derived from V,C,T units)
    Leakage Power Units = 1nW


  Cell Internal Power  =   7.1093 mW   (85%)
  Net Switching Power  =   1.2688 mW   (15%)
                         ---------
Total Dynamic Power    =   8.3781 mW  (100%)

Cell Leakage Power     = 313.9442 uW


                 Internal         Switching           Leakage            Total
Power Group      Power            Power               Power              Power   (   %    )  Attrs
--------------------------------------------------------------------------------------------------
io_pad             0.0000            0.0000            0.0000            0.0000  (   0.00%)
memory             0.0000            0.0000            0.0000            0.0000  (   0.00%)
black_box          0.0000            0.0000            0.0000            0.0000  (   0.00%)
clock_network  -9.5667e-01          697.0573           28.7064          696.1292 (   8.01%)
register       6.9318e+03           40.2082        1.1709e+05        7.0892e+03  (  81.56%)
sequential         4.6729            1.3280        3.8159e+03            9.8168  (   0.11%)
combinational    173.7501          530.1992        1.9301e+05          896.9590  (  10.32%)
--------------------------------------------------------------------------------------------------
Total          7.1093e+03 uW     1.2688e+03 uW     3.1394e+05 nW     8.6921e+03 uW
1
