Loading db file '/home/mariagrazia.graziano/do/libnangate/NangateOpenCellLibrary_typical_ecsm.db'
Information: Propagating switching activity (low effort zero delay simulation). (PWR-6)
Warning: Design has unannotated primary inputs. (PWR-414)
Warning: Design has unannotated sequential cell outputs. (PWR-415)
Warning: Design has unannotated black box outputs. (PWR-428)
 
****************************************
Report : power
        -analysis_effort low
Design : DLX
Version: S-2021.06-SP4
Date   : Thu Oct 19 13:39:28 2023
****************************************


Library(s) Used:

    NangateOpenCellLibrary (File: /home/mariagrazia.graziano/do/libnangate/NangateOpenCellLibrary_typical_ecsm.db)


Operating Conditions: typical   Library: NangateOpenCellLibrary
Wire Load Model Mode: top

Design        Wire Load Model            Library
------------------------------------------------
DLX                    5K_hvratio_1_4    NangateOpenCellLibrary


Global Operating Voltage = 1.1  
Power-specific unit information :
    Voltage Units = 1V
    Capacitance Units = 1.000000ff
    Time Units = 1ns
    Dynamic Power Units = 1uW    (derived from V,C,T units)
    Leakage Power Units = 1nW


  Cell Internal Power  =   7.6255 mW   (85%)
  Net Switching Power  =   1.3595 mW   (15%)
                         ---------
Total Dynamic Power    =   8.9849 mW  (100%)

Cell Leakage Power     = 315.4966 uW


                 Internal         Switching           Leakage            Total
Power Group      Power            Power               Power              Power   (   %    )  Attrs
--------------------------------------------------------------------------------------------------
io_pad             0.0000            0.0000            0.0000            0.0000  (   0.00%)
memory             0.0000            0.0000            0.0000            0.0000  (   0.00%)
black_box          0.0000            0.0000            0.0000            0.0000  (   0.00%)
clock_network  -1.0253e+00          746.9037           28.7064          745.9072 (   8.02%)
register       7.4286e+03           42.3291        1.1686e+05        7.5878e+03  (  81.59%)
sequential         5.0514            1.4267        3.8352e+03           10.3133  (   0.11%)
combinational    192.8514          568.8245        1.9477e+05          956.4462  (  10.28%)
--------------------------------------------------------------------------------------------------
Total          7.6255e+03 uW     1.3595e+03 uW     3.1550e+05 nW     9.3004e+03 uW
1
