Warning: Design 'DLX' has '1' unresolved references. For more detailed information, use the "link" command. (UID-341)
 
****************************************
Report : area
Design : DLX
Version: S-2021.06-SP4
Date   : Tue Oct 17 20:27:51 2023
****************************************

Library(s) Used:

    NangateOpenCellLibrary (File: /home/mariagrazia.graziano/do/libnangate/NangateOpenCellLibrary_typical_ecsm.db)

Number of ports:                         1779
Number of nets:                         11191
Number of cells:                         8385
Number of combinational cells:           6682
Number of sequential cells:              1628
Number of macros/black boxes:               0
Number of buf/inv:                       1787
Number of references:                       5

Combinational area:               7576.478069
Buf/Inv area:                     1230.249982
Noncombinational area:            8156.092258
Macro/Black Box area:                0.000000
Net Interconnect area:      undefined  (Wire load has zero net area)

Total cell area:                 15732.570327
Total area:                 undefined

Information: This design contains black box (unknown) components. (RPT-8)
1
