 
****************************************
Report : area
Design : BOOTHMUL
Version: S-2021.06-SP4
Date   : Tue Apr 18 20:06:16 2023
****************************************

Library(s) Used:

    NangateOpenCellLibrary (File: /home/mariagrazia.graziano/do/libnangate/NangateOpenCellLibrary_typical_ecsm.db)

Number of ports:                        14227
Number of nets:                         23667
Number of cells:                        10563
Number of combinational cells:           9552
Number of sequential cells:                 0
Number of macros/black boxes:               0
Number of buf/inv:                       3273
Number of references:                      52

Combinational area:              11619.145963
Buf/Inv area:                     2599.351967
Noncombinational area:               0.000000
Macro/Black Box area:                0.000000
Net Interconnect area:      undefined  (Wire load has zero net area)

Total cell area:                 11619.145963
Total area:                 undefined
1
