 
****************************************
Report : area
Design : BOOTHMUL
Version: S-2021.06-SP4
Date   : Tue Apr 18 19:42:12 2023
****************************************

Library(s) Used:

    NangateOpenCellLibrary (File: /home/mariagrazia.graziano/do/libnangate/NangateOpenCellLibrary_typical_ecsm.db)

Number of ports:                        14227
Number of nets:                         21421
Number of cells:                         8317
Number of combinational cells:           7306
Number of sequential cells:                 0
Number of macros/black boxes:               0
Number of buf/inv:                       1147
Number of references:                      51

Combinational area:               9704.212007
Buf/Inv area:                      674.310005
Noncombinational area:               0.000000
Macro/Black Box area:                0.000000
Net Interconnect area:      undefined  (Wire load has zero net area)

Total cell area:                  9704.212007
Total area:                 undefined
1
