Information: Updating design information... (UID-85)
 
****************************************
Report : timing
        -path full
        -delay max
        -max_paths 1
Design : BOOTHMUL
Version: S-2021.06-SP4
Date   : Mon Apr 17 18:23:01 2023
****************************************

Operating Conditions: typical   Library: NangateOpenCellLibrary
Wire Load Model Mode: top

  Startpoint: B[1] (input port)
  Endpoint: P[31] (output port)
  Path Group: (none)
  Path Type: max

  Des/Clust/Port     Wire Load Model       Library
  ------------------------------------------------
  BOOTHMUL           5K_hvratio_1_1        NangateOpenCellLibrary

  Point                                    Incr       Path
  -----------------------------------------------------------
  input external delay                     0.00       0.00 f
  B[1] (in)                                0.00       0.00 f
  eb_1/b[0] (BE_BLOCK_7)                   0.00       0.00 f
  eb_1/U8/ZN (XNOR2_X1)                    0.06       0.06 f
  eb_1/U5/Z (MUX2_X1)                      0.07       0.13 f
  eb_1/U4/ZN (INV_X1)                      0.04       0.17 r
  eb_1/sel[1] (BE_BLOCK_7)                 0.00       0.17 r
  mux_1/sel[1] (MUX_5TO1_NBIT32_7)         0.00       0.17 r
  mux_1/U1/ZN (OR2_X1)                     0.04       0.22 r
  mux_1/U2/ZN (INV_X2)                     0.07       0.29 f
  mux_1/U26/ZN (AOI222_X1)                 0.11       0.39 r
  mux_1/U25/ZN (NAND2_X1)                  0.04       0.43 f
  mux_1/O[3] (MUX_5TO1_NBIT32_7)           0.00       0.43 f
  sum_1/B[3] (RCA_NBIT32_0)                0.00       0.43 f
  sum_1/FAI_4/B (FA_221)                   0.00       0.43 f
  sum_1/FAI_4/U4/Z (XOR2_X1)               0.08       0.52 f
  sum_1/FAI_4/U2/ZN (AOI22_X1)             0.06       0.57 r
  sum_1/FAI_4/U1/ZN (INV_X1)               0.03       0.60 f
  sum_1/FAI_4/Co (FA_221)                  0.00       0.60 f
  sum_1/FAI_5/Ci (FA_220)                  0.00       0.60 f
  sum_1/FAI_5/U2/ZN (AOI22_X1)             0.06       0.66 r
  sum_1/FAI_5/U1/ZN (INV_X1)               0.03       0.69 f
  sum_1/FAI_5/Co (FA_220)                  0.00       0.69 f
  sum_1/FAI_6/Ci (FA_219)                  0.00       0.69 f
  sum_1/FAI_6/U2/ZN (AOI22_X1)             0.06       0.75 r
  sum_1/FAI_6/U1/ZN (INV_X1)               0.03       0.78 f
  sum_1/FAI_6/Co (FA_219)                  0.00       0.78 f
  sum_1/FAI_7/Ci (FA_218)                  0.00       0.78 f
  sum_1/FAI_7/U2/ZN (AOI22_X1)             0.06       0.84 r
  sum_1/FAI_7/U1/ZN (INV_X1)               0.03       0.87 f
  sum_1/FAI_7/Co (FA_218)                  0.00       0.87 f
  sum_1/FAI_8/Ci (FA_217)                  0.00       0.87 f
  sum_1/FAI_8/U2/ZN (AOI22_X1)             0.06       0.93 r
  sum_1/FAI_8/U1/ZN (INV_X1)               0.03       0.96 f
  sum_1/FAI_8/Co (FA_217)                  0.00       0.96 f
  sum_1/FAI_9/Ci (FA_216)                  0.00       0.96 f
  sum_1/FAI_9/U2/ZN (AOI22_X1)             0.06       1.02 r
  sum_1/FAI_9/U1/ZN (INV_X1)               0.03       1.05 f
  sum_1/FAI_9/Co (FA_216)                  0.00       1.05 f
  sum_1/FAI_10/Ci (FA_215)                 0.00       1.05 f
  sum_1/FAI_10/U2/ZN (AOI22_X1)            0.06       1.11 r
  sum_1/FAI_10/U1/ZN (INV_X1)              0.03       1.13 f
  sum_1/FAI_10/Co (FA_215)                 0.00       1.13 f
  sum_1/FAI_11/Ci (FA_214)                 0.00       1.13 f
  sum_1/FAI_11/U2/ZN (AOI22_X1)            0.06       1.20 r
  sum_1/FAI_11/U1/ZN (INV_X1)              0.03       1.22 f
  sum_1/FAI_11/Co (FA_214)                 0.00       1.22 f
  sum_1/FAI_12/Ci (FA_213)                 0.00       1.22 f
  sum_1/FAI_12/U2/ZN (AOI22_X1)            0.06       1.28 r
  sum_1/FAI_12/U1/ZN (INV_X1)              0.03       1.31 f
  sum_1/FAI_12/Co (FA_213)                 0.00       1.31 f
  sum_1/FAI_13/Ci (FA_212)                 0.00       1.31 f
  sum_1/FAI_13/U2/ZN (AOI22_X1)            0.06       1.37 r
  sum_1/FAI_13/U1/ZN (INV_X1)              0.03       1.40 f
  sum_1/FAI_13/Co (FA_212)                 0.00       1.40 f
  sum_1/FAI_14/Ci (FA_211)                 0.00       1.40 f
  sum_1/FAI_14/U2/ZN (AOI22_X1)            0.06       1.46 r
  sum_1/FAI_14/U1/ZN (INV_X1)              0.03       1.49 f
  sum_1/FAI_14/Co (FA_211)                 0.00       1.49 f
  sum_1/FAI_15/Ci (FA_210)                 0.00       1.49 f
  sum_1/FAI_15/U2/ZN (AOI22_X1)            0.06       1.55 r
  sum_1/FAI_15/U1/ZN (INV_X1)              0.03       1.58 f
  sum_1/FAI_15/Co (FA_210)                 0.00       1.58 f
  sum_1/FAI_16/Ci (FA_209)                 0.00       1.58 f
  sum_1/FAI_16/U2/ZN (AOI22_X1)            0.06       1.64 r
  sum_1/FAI_16/U1/ZN (INV_X1)              0.03       1.67 f
  sum_1/FAI_16/Co (FA_209)                 0.00       1.67 f
  sum_1/FAI_17/Ci (FA_208)                 0.00       1.67 f
  sum_1/FAI_17/U2/ZN (AOI22_X1)            0.06       1.73 r
  sum_1/FAI_17/U1/ZN (INV_X1)              0.03       1.76 f
  sum_1/FAI_17/Co (FA_208)                 0.00       1.76 f
  sum_1/FAI_18/Ci (FA_207)                 0.00       1.76 f
  sum_1/FAI_18/U2/ZN (AOI22_X1)            0.06       1.82 r
  sum_1/FAI_18/U1/ZN (INV_X1)              0.03       1.85 f
  sum_1/FAI_18/Co (FA_207)                 0.00       1.85 f
  sum_1/FAI_19/Ci (FA_206)                 0.00       1.85 f
  sum_1/FAI_19/U2/ZN (AOI22_X1)            0.06       1.91 r
  sum_1/FAI_19/U1/ZN (INV_X1)              0.03       1.93 f
  sum_1/FAI_19/Co (FA_206)                 0.00       1.93 f
  sum_1/FAI_20/Ci (FA_205)                 0.00       1.93 f
  sum_1/FAI_20/U2/ZN (AOI22_X1)            0.06       2.00 r
  sum_1/FAI_20/U1/ZN (INV_X1)              0.03       2.02 f
  sum_1/FAI_20/Co (FA_205)                 0.00       2.02 f
  sum_1/FAI_21/Ci (FA_204)                 0.00       2.02 f
  sum_1/FAI_21/U2/ZN (AOI22_X1)            0.06       2.08 r
  sum_1/FAI_21/U1/ZN (INV_X1)              0.03       2.11 f
  sum_1/FAI_21/Co (FA_204)                 0.00       2.11 f
  sum_1/FAI_22/Ci (FA_203)                 0.00       2.11 f
  sum_1/FAI_22/U2/ZN (AOI22_X1)            0.06       2.17 r
  sum_1/FAI_22/U1/ZN (INV_X1)              0.03       2.20 f
  sum_1/FAI_22/Co (FA_203)                 0.00       2.20 f
  sum_1/FAI_23/Ci (FA_202)                 0.00       2.20 f
  sum_1/FAI_23/U2/ZN (AOI22_X1)            0.06       2.26 r
  sum_1/FAI_23/U1/ZN (INV_X1)              0.03       2.29 f
  sum_1/FAI_23/Co (FA_202)                 0.00       2.29 f
  sum_1/FAI_24/Ci (FA_201)                 0.00       2.29 f
  sum_1/FAI_24/U2/ZN (AOI22_X1)            0.06       2.35 r
  sum_1/FAI_24/U1/ZN (INV_X1)              0.03       2.38 f
  sum_1/FAI_24/Co (FA_201)                 0.00       2.38 f
  sum_1/FAI_25/Ci (FA_200)                 0.00       2.38 f
  sum_1/FAI_25/U2/ZN (AOI22_X1)            0.06       2.44 r
  sum_1/FAI_25/U1/ZN (INV_X1)              0.03       2.47 f
  sum_1/FAI_25/Co (FA_200)                 0.00       2.47 f
  sum_1/FAI_26/Ci (FA_199)                 0.00       2.47 f
  sum_1/FAI_26/U2/ZN (AOI22_X1)            0.06       2.53 r
  sum_1/FAI_26/U1/ZN (INV_X1)              0.03       2.56 f
  sum_1/FAI_26/Co (FA_199)                 0.00       2.56 f
  sum_1/FAI_27/Ci (FA_198)                 0.00       2.56 f
  sum_1/FAI_27/U2/ZN (AOI22_X1)            0.06       2.62 r
  sum_1/FAI_27/U1/ZN (INV_X1)              0.03       2.65 f
  sum_1/FAI_27/Co (FA_198)                 0.00       2.65 f
  sum_1/FAI_28/Ci (FA_197)                 0.00       2.65 f
  sum_1/FAI_28/U2/ZN (AOI22_X1)            0.06       2.71 r
  sum_1/FAI_28/U1/ZN (INV_X1)              0.03       2.73 f
  sum_1/FAI_28/Co (FA_197)                 0.00       2.73 f
  sum_1/FAI_29/Ci (FA_196)                 0.00       2.73 f
  sum_1/FAI_29/U2/ZN (AOI22_X1)            0.06       2.80 r
  sum_1/FAI_29/U1/ZN (INV_X1)              0.03       2.82 f
  sum_1/FAI_29/Co (FA_196)                 0.00       2.82 f
  sum_1/FAI_30/Ci (FA_195)                 0.00       2.82 f
  sum_1/FAI_30/U2/ZN (AOI22_X1)            0.06       2.88 r
  sum_1/FAI_30/U1/ZN (INV_X1)              0.03       2.91 f
  sum_1/FAI_30/Co (FA_195)                 0.00       2.91 f
  sum_1/FAI_31/Ci (FA_194)                 0.00       2.91 f
  sum_1/FAI_31/U2/ZN (AOI22_X1)            0.06       2.97 r
  sum_1/FAI_31/U1/ZN (INV_X1)              0.03       3.00 f
  sum_1/FAI_31/Co (FA_194)                 0.00       3.00 f
  sum_1/FAI_32/Ci (FA_193)                 0.00       3.00 f
  sum_1/FAI_32/U3/Z (XOR2_X1)              0.06       3.06 r
  sum_1/FAI_32/S (FA_193)                  0.00       3.06 r
  sum_1/S[31] (RCA_NBIT32_0)               0.00       3.06 r
  sum_2/B[31] (RCA_NBIT32_6)               0.00       3.06 r
  sum_2/FAI_32/B (FA_161)                  0.00       3.06 r
  sum_2/FAI_32/U4/Z (XOR2_X1)              0.09       3.15 r
  sum_2/FAI_32/U3/Z (XOR2_X1)              0.09       3.23 r
  sum_2/FAI_32/S (FA_161)                  0.00       3.23 r
  sum_2/S[31] (RCA_NBIT32_6)               0.00       3.23 r
  sum_3/B[31] (RCA_NBIT32_5)               0.00       3.23 r
  sum_3/FAI_32/B (FA_129)                  0.00       3.23 r
  sum_3/FAI_32/U4/Z (XOR2_X1)              0.09       3.32 r
  sum_3/FAI_32/U3/Z (XOR2_X1)              0.09       3.40 r
  sum_3/FAI_32/S (FA_129)                  0.00       3.40 r
  sum_3/S[31] (RCA_NBIT32_5)               0.00       3.40 r
  sum_4/B[31] (RCA_NBIT32_4)               0.00       3.40 r
  sum_4/FAI_32/B (FA_97)                   0.00       3.40 r
  sum_4/FAI_32/U4/Z (XOR2_X1)              0.09       3.49 r
  sum_4/FAI_32/U3/Z (XOR2_X1)              0.09       3.58 r
  sum_4/FAI_32/S (FA_97)                   0.00       3.58 r
  sum_4/S[31] (RCA_NBIT32_4)               0.00       3.58 r
  sum_5/B[31] (RCA_NBIT32_3)               0.00       3.58 r
  sum_5/FAI_32/B (FA_65)                   0.00       3.58 r
  sum_5/FAI_32/U4/Z (XOR2_X1)              0.09       3.66 r
  sum_5/FAI_32/U3/Z (XOR2_X1)              0.09       3.75 r
  sum_5/FAI_32/S (FA_65)                   0.00       3.75 r
  sum_5/S[31] (RCA_NBIT32_3)               0.00       3.75 r
  sum_6/B[31] (RCA_NBIT32_2)               0.00       3.75 r
  sum_6/FAI_32/B (FA_33)                   0.00       3.75 r
  sum_6/FAI_32/U4/Z (XOR2_X1)              0.09       3.83 r
  sum_6/FAI_32/U3/Z (XOR2_X1)              0.09       3.92 r
  sum_6/FAI_32/S (FA_33)                   0.00       3.92 r
  sum_6/S[31] (RCA_NBIT32_2)               0.00       3.92 r
  sum_7/B[31] (RCA_NBIT32_1)               0.00       3.92 r
  sum_7/FAI_32/B (FA_1)                    0.00       3.92 r
  sum_7/FAI_32/U4/Z (XOR2_X1)              0.09       4.00 r
  sum_7/FAI_32/U3/Z (XOR2_X1)              0.06       4.07 r
  sum_7/FAI_32/S (FA_1)                    0.00       4.07 r
  sum_7/S[31] (RCA_NBIT32_1)               0.00       4.07 r
  P[31] (out)                              0.00       4.07 r
  data arrival time                                   4.07
  -----------------------------------------------------------
  (Path is unconstrained)


1
