 
****************************************
Report : area
Design : BOOTHMUL
Version: S-2021.06-SP4
Date   : Mon Apr 17 18:30:33 2023
****************************************

Library(s) Used:

    NangateOpenCellLibrary (File: /home/mariagrazia.graziano/do/libnangate/NangateOpenCellLibrary_typical_ecsm.db)

Number of ports:                         3478
Number of nets:                          5800
Number of cells:                         2608
Number of combinational cells:           2360
Number of sequential cells:                 0
Number of macros/black boxes:               0
Number of buf/inv:                        706
Number of references:                      38

Combinational area:               2767.995995
Buf/Inv area:                      462.839997
Noncombinational area:               0.000000
Macro/Black Box area:                0.000000
Net Interconnect area:      undefined  (Wire load has zero net area)

Total cell area:                  2767.995995
Total area:                 undefined
1
