Information: Building the design 'CARRY_SELECT' instantiated from design 'SUM_GENERATOR_NBIT_PER_BLOCK4_NBLOCKS8' with
	the parameters "NBIT=4". (HDL-193)
Warning:  ./carry_select.vhd:44: Physical types are not supported. Presto ignores it. (ELAB-918)
Warning:  ./carry_select.vhd:44: Physical types are not supported. Presto ignores it. (ELAB-918)
Warning:  ./carry_select.vhd:44: Physical types are not supported. Presto ignores it. (ELAB-918)
Error:  ./carry_select.vhd:44: Physical types are not supported for synthesis. (ELAB-926)
*** Presto compilation terminated with 1 errors. ***
Warning: Unable to resolve reference 'CARRY_SELECT' in 'SUM_GENERATOR_NBIT_PER_BLOCK4_NBLOCKS8'. (LINK-5)
Warning: Design 'P4_ADDER' has '1' unresolved references. For more detailed information, use the "link" command. (UID-341)
Information: Updating design information... (UID-85)
 
****************************************
Report : timing
        -path full
        -delay max
        -max_paths 1
Design : P4_ADDER
Version: S-2021.06-SP4
Date   : Thu Apr 20 19:05:00 2023
****************************************

Operating Conditions: typical   Library: NangateOpenCellLibrary
Wire Load Model Mode: top

  Startpoint: A[15] (input port)
  Endpoint: Cout (output port)
  Path Group: (none)
  Path Type: max

  Des/Clust/Port     Wire Load Model       Library
  ------------------------------------------------
  P4_ADDER           5K_hvratio_1_1        NangateOpenCellLibrary

  Point                                                   Incr       Path
  --------------------------------------------------------------------------
  input external delay                                    0.00       0.00 f
  A[15] (in)                                              0.00       0.00 f
  carry_net/A[15] (CARRY_GENERATOR_NBIT32_NBIT_PER_BLOCK4)
                                                          0.00       0.00 f
  carry_net/pgn/A[15] (PG_NETWORK_NBIT_PER_BLOCK4_NBLOCKS8)
                                                          0.00       0.00 f
  carry_net/pgn/U26/Z (XOR2_X1)                           0.08       0.08 f
  carry_net/pgn/p[16] (PG_NETWORK_NBIT_PER_BLOCK4_NBLOCKS8)
                                                          0.00       0.08 f
  carry_net/p1_8/P_left (PG_BLOCK_21)                     0.00       0.08 f
  carry_net/p1_8/U3/ZN (AOI21_X1)                         0.05       0.12 r
  carry_net/p1_8/U2/ZN (INV_X1)                           0.02       0.14 f
  carry_net/p1_8/G_out (PG_BLOCK_21)                      0.00       0.14 f
  carry_net/p2_4/G_left (PG_BLOCK_10)                     0.00       0.14 f
  carry_net/p2_4/U3/ZN (AOI21_X1)                         0.05       0.20 r
  carry_net/p2_4/U2/ZN (INV_X1)                           0.02       0.22 f
  carry_net/p2_4/G_out (PG_BLOCK_10)                      0.00       0.22 f
  carry_net/p_3_2/G_left (PG_BLOCK_5)                     0.00       0.22 f
  carry_net/p_3_2/U3/ZN (AOI21_X1)                        0.05       0.27 r
  carry_net/p_3_2/U2/ZN (INV_X1)                          0.02       0.29 f
  carry_net/p_3_2/G_out (PG_BLOCK_5)                      0.00       0.29 f
  carry_net/g_4_2/G_left (G_BLOCK_5)                      0.00       0.29 f
  carry_net/g_4_2/U2/ZN (AOI21_X1)                        0.05       0.34 r
  carry_net/g_4_2/U1/ZN (INV_X1)                          0.03       0.38 f
  carry_net/g_4_2/G_out (G_BLOCK_5)                       0.00       0.38 f
  carry_net/g_5_4/G_right (G_BLOCK_1)                     0.00       0.38 f
  carry_net/g_5_4/U2/ZN (AOI21_X1)                        0.05       0.43 r
  carry_net/g_5_4/U1/ZN (INV_X1)                          0.02       0.44 f
  carry_net/g_5_4/G_out (G_BLOCK_1)                       0.00       0.44 f
  carry_net/Co[7] (CARRY_GENERATOR_NBIT32_NBIT_PER_BLOCK4)
                                                          0.00       0.44 f
  Cout (out)                                              0.00       0.45 f
  data arrival time                                                  0.45
  --------------------------------------------------------------------------
  (Path is unconstrained)


1
