Information: Updating design information... (UID-85)
 
****************************************
Report : timing
        -path full
        -delay max
        -max_paths 1
Design : BOOTHMUL
Version: S-2021.06-SP4
Date   : Mon Apr 17 19:02:36 2023
****************************************

Operating Conditions: typical   Library: NangateOpenCellLibrary
Wire Load Model Mode: top

  Startpoint: B[1] (input port)
  Endpoint: P[7] (output port)
  Path Group: default
  Path Type: max

  Des/Clust/Port     Wire Load Model       Library
  ------------------------------------------------
  BOOTHMUL           5K_hvratio_1_1        NangateOpenCellLibrary

  Point                                    Incr       Path
  -----------------------------------------------------------
  input external delay                     0.00       0.00 r
  B[1] (in)                                0.00       0.00 r
  eb_1/b[0] (BE_BLOCK_1)                   0.00       0.00 r
  eb_1/U3/ZN (OR2_X1)                      0.04       0.04 r
  eb_1/U4/ZN (NAND2_X1)                    0.03       0.06 f
  eb_1/U5/ZN (OAI22_X1)                    0.06       0.12 r
  eb_1/sel[1] (BE_BLOCK_1)                 0.00       0.12 r
  mux_1/sel[1] (MUX_5TO1_NBIT8_1)          0.00       0.12 r
  mux_1/U13/Z (BUF_X1)                     0.05       0.16 r
  mux_1/U15/ZN (NAND2_X1)                  0.03       0.19 f
  mux_1/U7/Z (MUX2_X1)                     0.06       0.25 f
  mux_1/U25/ZN (AND2_X1)                   0.04       0.29 f
  mux_1/U52/ZN (NAND2_X1)                  0.03       0.32 r
  mux_1/O[3] (MUX_5TO1_NBIT8_1)            0.00       0.32 r
  sum_1/B[3] (RCA_NBIT8)                   0.00       0.32 r
  sum_1/FAI_4/B (FA_5)                     0.00       0.32 r
  sum_1/FAI_4/U3/ZN (XNOR2_X1)             0.06       0.39 r
  sum_1/FAI_4/U5/ZN (OAI21_X1)             0.04       0.42 f
  sum_1/FAI_4/Co (FA_5)                    0.00       0.42 f
  sum_1/FAI_5/Ci (FA_4)                    0.00       0.42 f
  sum_1/FAI_5/U1/ZN (AOI22_X1)             0.06       0.48 r
  sum_1/FAI_5/U2/ZN (INV_X1)               0.02       0.50 f
  sum_1/FAI_5/Co (FA_4)                    0.00       0.50 f
  sum_1/FAI_6/Ci (FA_3)                    0.00       0.50 f
  sum_1/FAI_6/U4/ZN (INV_X1)               0.03       0.53 r
  sum_1/FAI_6/U6/ZN (OAI21_X1)             0.03       0.56 f
  sum_1/FAI_6/Co (FA_3)                    0.00       0.56 f
  sum_1/FAI_7/Ci (FA_2)                    0.00       0.56 f
  sum_1/FAI_7/U5/ZN (INV_X1)               0.03       0.59 r
  sum_1/FAI_7/U4/ZN (OAI21_X1)             0.03       0.62 f
  sum_1/FAI_7/Co (FA_2)                    0.00       0.62 f
  sum_1/FAI_8/Ci (FA_1)                    0.00       0.62 f
  sum_1/FAI_8/U3/Z (XOR2_X1)               0.07       0.69 f
  sum_1/FAI_8/S (FA_1)                     0.00       0.69 f
  sum_1/S[7] (RCA_NBIT8)                   0.00       0.69 f
  P[7] (out)                               0.00       0.69 f
  data arrival time                                   0.69

  max_delay                                0.70       0.70
  output external delay                    0.00       0.70
  data required time                                  0.70
  -----------------------------------------------------------
  data required time                                  0.70
  data arrival time                                  -0.69
  -----------------------------------------------------------
  slack (MET)                                         0.01


1
