Warning: Design 'DLX' has '1' unresolved references. For more detailed information, use the "link" command. (UID-341)
 
****************************************
Report : area
Design : DLX
Version: S-2021.06-SP4
Date   : Tue Oct 17 20:33:06 2023
****************************************

Library(s) Used:

    NangateOpenCellLibrary (File: /home/mariagrazia.graziano/do/libnangate/NangateOpenCellLibrary_typical_ecsm.db)

Number of ports:                         1779
Number of nets:                         11103
Number of cells:                         8285
Number of combinational cells:           6581
Number of sequential cells:              1628
Number of macros/black boxes:               0
Number of buf/inv:                       1670
Number of references:                       5

Combinational area:               7509.712072
Buf/Inv area:                     1129.967988
Noncombinational area:            8157.688259
Macro/Black Box area:                0.000000
Net Interconnect area:      undefined  (Wire load has zero net area)

Total cell area:                 15667.400331
Total area:                 undefined

Information: This design contains black box (unknown) components. (RPT-8)
1
